// Vitest Snapshot v1, https://vitest.dev/guide/snapshot.html

exports[`contract session storage > can read and write a basic contract session 1`] = `
{
  "Id": "fakeSessionId",
  "bodiesFoundBy": [],
  "bodiesHidden": [],
  "challengeContexts": {},
  "compat": true,
  "completedObjectives": [],
  "contractId": "1f87dec7-23a3-4052-bf91-52162e4dbdd6",
  "crowdNpcKills": 0,
  "currentDisguise": "4fc9396e-2619-4e66-a51e-2bd366230da7",
  "difficulty": 2,
  "disguisesRuined": [],
  "disguisesUsed": [],
  "duration": 0,
  "failedObjectives": [],
  "gameVersion": "h3",
  "ghost": {
    "IsDraw": false,
    "IsWinner": false,
    "OpponentScore": 0,
    "Opponents": [],
    "Score": 0,
    "deaths": 0,
    "timerEnd": null,
    "unnoticedKills": 0,
  },
  "kills": [],
  "killsNoticedBy": [],
  "lastAccident": 0,
  "lastKill": {},
  "lastUpdate": 1234,
  "legacyHasBodyBeenFound": false,
  "markedTargets": [],
  "npcKills": [],
  "objectiveContexts": [],
  "objectiveDefinitions": [],
  "objectiveStates": [],
  "pacifications": [],
  "recording": "NOT_SPOTTED",
  "sessionStart": 1234,
  "spottedBy": [],
  "targetKills": [],
  "timerEnd": 0,
  "timerStart": 0,
  "userId": "1273f7aa-e53b-4446-b940-0c32430dec0c",
  "witnesses": [],
}
`;
